Analysis & Synthesis report for Labx10
Sat Nov 18 18:23:55 2023
Quartus II 64-Bit Version 13.1.0 Build 162 10/23/2013 SJ Web Edition


---------------------
; Table of Contents ;
---------------------
  1. Legal Notice
  2. Analysis & Synthesis Summary
  3. Analysis & Synthesis Settings
  4. Parallel Compilation
  5. Analysis & Synthesis Source Files Read
  6. Analysis & Synthesis Resource Usage Summary
  7. Analysis & Synthesis Resource Utilization by Entity
  8. State Machine - |Labx10|lcd_top:inst_lcd_top|EA
  9. State Machine - |Labx10|lcd_top:inst_lcd_top|lcd_ctrl:lcd_ctrl_inst|EA
 10. Registers Removed During Synthesis
 11. Removed Registers Triggering Further Register Optimizations
 12. General Register Statistics
 13. Inverted Register Statistics
 14. Multiplexer Restructuring Statistics (Restructuring Performed)
 15. Parameter Settings for User Entity Instance: Top-level Entity: |Labx10
 16. Parameter Settings for User Entity Instance: uart:uart_inst
 17. Parameter Settings for User Entity Instance: lcd_top:inst_lcd_top
 18. Parameter Settings for User Entity Instance: lcd_top:inst_lcd_top|lcd_ctrl:lcd_ctrl_inst
 19. Port Connectivity Checks: "lcd_top:inst_lcd_top"
 20. Port Connectivity Checks: "uart:uart_inst"
 21. Elapsed Time Per Partition
 22. Analysis & Synthesis Messages



----------------
; Legal Notice ;
----------------
Copyright (C) 1991-2013 Altera Corporation
Your use of Altera Corporation's design tools, logic functions 
and other software and tools, and its AMPP partner logic 
functions, and any output files from any of the foregoing 
(including device programming or simulation files), and any 
associated documentation or information are expressly subject 
to the terms and conditions of the Altera Program License 
Subscription Agreement, Altera MegaCore Function License 
Agreement, or other applicable license agreement, including, 
without limitation, that your use is for the sole purpose of 
programming logic devices manufactured by Altera and sold by 
Altera or its authorized distributors.  Please refer to the 
applicable agreement for further details.



+---------------------------------------------------------------------------------+
; Analysis & Synthesis Summary                                                    ;
+------------------------------------+--------------------------------------------+
; Analysis & Synthesis Status        ; Successful - Sat Nov 18 18:23:55 2023      ;
; Quartus II 64-Bit Version          ; 13.1.0 Build 162 10/23/2013 SJ Web Edition ;
; Revision Name                      ; Labx10                                     ;
; Top-level Entity Name              ; Labx10                                     ;
; Family                             ; Cyclone IV E                               ;
; Total logic elements               ; 733                                        ;
;     Total combinational functions  ; 484                                        ;
;     Dedicated logic registers      ; 410                                        ;
; Total registers                    ; 410                                        ;
; Total pins                         ; 31                                         ;
; Total virtual pins                 ; 0                                          ;
; Total memory bits                  ; 0                                          ;
; Embedded Multiplier 9-bit elements ; 0                                          ;
; Total PLLs                         ; 0                                          ;
+------------------------------------+--------------------------------------------+


+----------------------------------------------------------------------------------------------------------------------+
; Analysis & Synthesis Settings                                                                                        ;
+----------------------------------------------------------------------------+--------------------+--------------------+
; Option                                                                     ; Setting            ; Default Value      ;
+----------------------------------------------------------------------------+--------------------+--------------------+
; Device                                                                     ; EP4CE30F23C7       ;                    ;
; Top-level entity name                                                      ; Labx10             ; Labx10             ;
; Family name                                                                ; Cyclone IV E       ; Cyclone IV GX      ;
; Use smart compilation                                                      ; Off                ; Off                ;
; Enable parallel Assembler and TimeQuest Timing Analyzer during compilation ; On                 ; On                 ;
; Enable compact report table                                                ; Off                ; Off                ;
; Restructure Multiplexers                                                   ; Auto               ; Auto               ;
; Create Debugging Nodes for IP Cores                                        ; Off                ; Off                ;
; Preserve fewer node names                                                  ; On                 ; On                 ;
; Disable OpenCore Plus hardware evaluation                                  ; Off                ; Off                ;
; Verilog Version                                                            ; Verilog_2001       ; Verilog_2001       ;
; VHDL Version                                                               ; VHDL_1993          ; VHDL_1993          ;
; State Machine Processing                                                   ; Auto               ; Auto               ;
; Safe State Machine                                                         ; Off                ; Off                ;
; Extract Verilog State Machines                                             ; On                 ; On                 ;
; Extract VHDL State Machines                                                ; On                 ; On                 ;
; Ignore Verilog initial constructs                                          ; Off                ; Off                ;
; Iteration limit for constant Verilog loops                                 ; 5000               ; 5000               ;
; Iteration limit for non-constant Verilog loops                             ; 250                ; 250                ;
; Add Pass-Through Logic to Inferred RAMs                                    ; On                 ; On                 ;
; Infer RAMs from Raw Logic                                                  ; On                 ; On                 ;
; Parallel Synthesis                                                         ; On                 ; On                 ;
; DSP Block Balancing                                                        ; Auto               ; Auto               ;
; NOT Gate Push-Back                                                         ; On                 ; On                 ;
; Power-Up Don't Care                                                        ; On                 ; On                 ;
; Remove Redundant Logic Cells                                               ; Off                ; Off                ;
; Remove Duplicate Registers                                                 ; On                 ; On                 ;
; Ignore CARRY Buffers                                                       ; Off                ; Off                ;
; Ignore CASCADE Buffers                                                     ; Off                ; Off                ;
; Ignore GLOBAL Buffers                                                      ; Off                ; Off                ;
; Ignore ROW GLOBAL Buffers                                                  ; Off                ; Off                ;
; Ignore LCELL Buffers                                                       ; Off                ; Off                ;
; Ignore SOFT Buffers                                                        ; On                 ; On                 ;
; Limit AHDL Integers to 32 Bits                                             ; Off                ; Off                ;
; Optimization Technique                                                     ; Balanced           ; Balanced           ;
; Carry Chain Length                                                         ; 70                 ; 70                 ;
; Auto Carry Chains                                                          ; On                 ; On                 ;
; Auto Open-Drain Pins                                                       ; On                 ; On                 ;
; Perform WYSIWYG Primitive Resynthesis                                      ; Off                ; Off                ;
; Auto ROM Replacement                                                       ; On                 ; On                 ;
; Auto RAM Replacement                                                       ; On                 ; On                 ;
; Auto DSP Block Replacement                                                 ; On                 ; On                 ;
; Auto Shift Register Replacement                                            ; Auto               ; Auto               ;
; Allow Shift Register Merging across Hierarchies                            ; Auto               ; Auto               ;
; Auto Clock Enable Replacement                                              ; On                 ; On                 ;
; Strict RAM Replacement                                                     ; Off                ; Off                ;
; Allow Synchronous Control Signals                                          ; On                 ; On                 ;
; Force Use of Synchronous Clear Signals                                     ; Off                ; Off                ;
; Auto RAM Block Balancing                                                   ; On                 ; On                 ;
; Auto RAM to Logic Cell Conversion                                          ; Off                ; Off                ;
; Auto Resource Sharing                                                      ; Off                ; Off                ;
; Allow Any RAM Size For Recognition                                         ; Off                ; Off                ;
; Allow Any ROM Size For Recognition                                         ; Off                ; Off                ;
; Allow Any Shift Register Size For Recognition                              ; Off                ; Off                ;
; Use LogicLock Constraints during Resource Balancing                        ; On                 ; On                 ;
; Ignore translate_off and synthesis_off directives                          ; Off                ; Off                ;
; Timing-Driven Synthesis                                                    ; On                 ; On                 ;
; Report Parameter Settings                                                  ; On                 ; On                 ;
; Report Source Assignments                                                  ; On                 ; On                 ;
; Report Connectivity Checks                                                 ; On                 ; On                 ;
; Ignore Maximum Fan-Out Assignments                                         ; Off                ; Off                ;
; Synchronization Register Chain Length                                      ; 2                  ; 2                  ;
; PowerPlay Power Optimization                                               ; Normal compilation ; Normal compilation ;
; HDL message level                                                          ; Level2             ; Level2             ;
; Suppress Register Optimization Related Messages                            ; Off                ; Off                ;
; Number of Removed Registers Reported in Synthesis Report                   ; 5000               ; 5000               ;
; Number of Swept Nodes Reported in Synthesis Report                         ; 5000               ; 5000               ;
; Number of Inverted Registers Reported in Synthesis Report                  ; 100                ; 100                ;
; Clock MUX Protection                                                       ; On                 ; On                 ;
; Auto Gated Clock Conversion                                                ; Off                ; Off                ;
; Block Design Naming                                                        ; Auto               ; Auto               ;
; SDC constraint protection                                                  ; Off                ; Off                ;
; Synthesis Effort                                                           ; Auto               ; Auto               ;
; Shift Register Replacement - Allow Asynchronous Clear Signal               ; On                 ; On                 ;
; Pre-Mapping Resynthesis Optimization                                       ; Off                ; Off                ;
; Analysis & Synthesis Message Level                                         ; Medium             ; Medium             ;
; Disable Register Merging Across Hierarchies                                ; Auto               ; Auto               ;
; Resource Aware Inference For Block RAM                                     ; On                 ; On                 ;
; Synthesis Seed                                                             ; 1                  ; 1                  ;
+----------------------------------------------------------------------------+--------------------+--------------------+


Parallel compilation was disabled, but you have multiple processors available. Enable parallel compilation to reduce compilation time.
+-------------------------------------+
; Parallel Compilation                ;
+----------------------------+--------+
; Processors                 ; Number ;
+----------------------------+--------+
; Number detected on machine ; 8      ;
; Maximum allowed            ; 1      ;
+----------------------------+--------+


+-----------------------------------------------------------------------------------------------------------------------------------------------------------------------------+
; Analysis & Synthesis Source Files Read                                                                                                                                      ;
+----------------------------------+-----------------+------------------------------------+-------------------------------------------------------------------------+---------+
; File Name with User-Entered Path ; Used in Netlist ; File Type                          ; File Name with Absolute Path                                            ; Library ;
+----------------------------------+-----------------+------------------------------------+-------------------------------------------------------------------------+---------+
; ../rtl/reset_sync.bdf            ; yes             ; User Block Diagram/Schematic File  ; C:/Users/carol/Downloads/labx10/labx10/labx10/rtl/reset_sync.bdf        ;         ;
; ../rtl/LCD_demo/lcd_top.vhd      ; yes             ; User VHDL File                     ; C:/Users/carol/Downloads/labx10/labx10/labx10/rtl/LCD_demo/lcd_top.vhd  ;         ;
; ../rtl/LCD_demo/lcd_pkg.vhd      ; yes             ; User VHDL File                     ; C:/Users/carol/Downloads/labx10/labx10/labx10/rtl/LCD_demo/lcd_pkg.vhd  ;         ;
; ../rtl/LCD_demo/lcd_ctrl.vhd     ; yes             ; User VHDL File                     ; C:/Users/carol/Downloads/labx10/labx10/labx10/rtl/LCD_demo/lcd_ctrl.vhd ;         ;
; ../rtl/UART_demo/uart.vhd        ; yes             ; User VHDL File                     ; C:/Users/carol/Downloads/labx10/labx10/labx10/rtl/UART_demo/uart.vhd    ;         ;
; ../rtl/Labx10.vhd                ; yes             ; User VHDL File                     ; C:/Users/carol/Downloads/labx10/labx10/labx10/rtl/Labx10.vhd            ;         ;
+----------------------------------+-----------------+------------------------------------+-------------------------------------------------------------------------+---------+


+-----------------------------------------------------------------+
; Analysis & Synthesis Resource Usage Summary                     ;
+---------------------------------------------+-------------------+
; Resource                                    ; Usage             ;
+---------------------------------------------+-------------------+
; Estimated Total logic elements              ; 733               ;
;                                             ;                   ;
; Total combinational functions               ; 484               ;
; Logic element usage by number of LUT inputs ;                   ;
;     -- 4 input functions                    ; 318               ;
;     -- 3 input functions                    ; 42                ;
;     -- <=2 input functions                  ; 124               ;
;                                             ;                   ;
; Logic elements by mode                      ;                   ;
;     -- normal mode                          ; 416               ;
;     -- arithmetic mode                      ; 68                ;
;                                             ;                   ;
; Total registers                             ; 410               ;
;     -- Dedicated logic registers            ; 410               ;
;     -- I/O registers                        ; 0                 ;
;                                             ;                   ;
; I/O pins                                    ; 31                ;
; Embedded Multiplier 9-bit elements          ; 0                 ;
; Maximum fan-out node                        ; CLOCK_50MHz~input ;
; Maximum fan-out                             ; 410               ;
; Total fan-out                               ; 2985              ;
; Average fan-out                             ; 3.10              ;
+---------------------------------------------+-------------------+


+-------------------------------------------------------------------------------------------------------------------------------------------------------------------------------------------------------------------------+
; Analysis & Synthesis Resource Utilization by Entity                                                                                                                                                                     ;
+----------------------------------------+-------------------+--------------+-------------+--------------+---------+-----------+------+--------------+-----------------------------------------------------+--------------+
; Compilation Hierarchy Node             ; LC Combinationals ; LC Registers ; Memory Bits ; DSP Elements ; DSP 9x9 ; DSP 18x18 ; Pins ; Virtual Pins ; Full Hierarchy Name                                 ; Library Name ;
+----------------------------------------+-------------------+--------------+-------------+--------------+---------+-----------+------+--------------+-----------------------------------------------------+--------------+
; |Labx10                                ; 484 (275)         ; 410 (287)    ; 0           ; 0            ; 0       ; 0         ; 31   ; 0            ; |Labx10                                             ; work         ;
;    |lcd_top:inst_lcd_top|              ; 150 (64)          ; 75 (34)      ; 0           ; 0            ; 0       ; 0         ; 0    ; 0            ; |Labx10|lcd_top:inst_lcd_top                        ; work         ;
;       |lcd_ctrl:lcd_ctrl_inst|         ; 86 (86)           ; 41 (41)      ; 0           ; 0            ; 0       ; 0         ; 0    ; 0            ; |Labx10|lcd_top:inst_lcd_top|lcd_ctrl:lcd_ctrl_inst ; work         ;
;    |reset_sync:reset_synch_50mhz_inst| ; 0 (0)             ; 3 (3)        ; 0           ; 0            ; 0       ; 0         ; 0    ; 0            ; |Labx10|reset_sync:reset_synch_50mhz_inst           ; work         ;
;    |uart:uart_inst|                    ; 59 (59)           ; 45 (45)      ; 0           ; 0            ; 0       ; 0         ; 0    ; 0            ; |Labx10|uart:uart_inst                              ; work         ;
+----------------------------------------+-------------------+--------------+-------------+--------------+---------+-----------+------+--------------+-----------------------------------------------------+--------------+
Note: For table entries with two numbers listed, the numbers in parentheses indicate the number of resources of the given type used by the specific entity alone. The numbers listed outside of parentheses indicate the total resources of the given type used by the specific entity and all of its sub-entities in the hierarchy.


Encoding Type:  One-Hot
+-----------------------------------------------------------------------------------------------------------------------------------+
; State Machine - |Labx10|lcd_top:inst_lcd_top|EA                                                                                   ;
+-------------+-------------+-------------+----------+----------+-------------+----------+-----------+----------+---------+---------+
; Name        ; EA.WAITLCD2 ; EA.WAITLCD1 ; EA.LINE2 ; EA.LINE1 ; EA.TESTWORD ; EA.WRLCD ; EA.CLRLCD ; EA.AWAIT ; EA.BOOT ; EA.IDLE ;
+-------------+-------------+-------------+----------+----------+-------------+----------+-----------+----------+---------+---------+
; EA.IDLE     ; 0           ; 0           ; 0        ; 0        ; 0           ; 0        ; 0         ; 0        ; 0       ; 0       ;
; EA.BOOT     ; 0           ; 0           ; 0        ; 0        ; 0           ; 0        ; 0         ; 0        ; 1       ; 1       ;
; EA.AWAIT    ; 0           ; 0           ; 0        ; 0        ; 0           ; 0        ; 0         ; 1        ; 0       ; 1       ;
; EA.CLRLCD   ; 0           ; 0           ; 0        ; 0        ; 0           ; 0        ; 1         ; 0        ; 0       ; 1       ;
; EA.WRLCD    ; 0           ; 0           ; 0        ; 0        ; 0           ; 1        ; 0         ; 0        ; 0       ; 1       ;
; EA.TESTWORD ; 0           ; 0           ; 0        ; 0        ; 1           ; 0        ; 0         ; 0        ; 0       ; 1       ;
; EA.LINE1    ; 0           ; 0           ; 0        ; 1        ; 0           ; 0        ; 0         ; 0        ; 0       ; 1       ;
; EA.LINE2    ; 0           ; 0           ; 1        ; 0        ; 0           ; 0        ; 0         ; 0        ; 0       ; 1       ;
; EA.WAITLCD1 ; 0           ; 1           ; 0        ; 0        ; 0           ; 0        ; 0         ; 0        ; 0       ; 1       ;
; EA.WAITLCD2 ; 1           ; 0           ; 0        ; 0        ; 0           ; 0        ; 0         ; 0        ; 0       ; 1       ;
+-------------+-------------+-------------+----------+----------+-------------+----------+-----------+----------+---------+---------+


Encoding Type:  One-Hot
+--------------------------------------------------------------------------------------+
; State Machine - |Labx10|lcd_top:inst_lcd_top|lcd_ctrl:lcd_ctrl_inst|EA               ;
+-----------+----------+-----------+----------+----------+---------+---------+---------+
; Name      ; EA.CADDR ; EA.CLRLCD ; EA.WRLCD ; EA.AWAIT ; EA.INIT ; EA.BOOT ; EA.IDLE ;
+-----------+----------+-----------+----------+----------+---------+---------+---------+
; EA.IDLE   ; 0        ; 0         ; 0        ; 0        ; 0       ; 0       ; 0       ;
; EA.BOOT   ; 0        ; 0         ; 0        ; 0        ; 0       ; 1       ; 1       ;
; EA.INIT   ; 0        ; 0         ; 0        ; 0        ; 1       ; 0       ; 1       ;
; EA.AWAIT  ; 0        ; 0         ; 0        ; 1        ; 0       ; 0       ; 1       ;
; EA.WRLCD  ; 0        ; 0         ; 1        ; 0        ; 0       ; 0       ; 1       ;
; EA.CLRLCD ; 0        ; 1         ; 0        ; 0        ; 0       ; 0       ; 1       ;
; EA.CADDR  ; 1        ; 0         ; 0        ; 0        ; 0       ; 0       ; 1       ;
+-----------+----------+-----------+----------+----------+---------+---------+---------+


+---------------------------------------------------------------------------------------+
; Registers Removed During Synthesis                                                    ;
+-----------------------------------------+---------------------------------------------+
; Register name                           ; Reason for Removal                          ;
+-----------------------------------------+---------------------------------------------+
; count[0]                                ; Stuck at VCC due to stuck port data_in      ;
; uart:uart_inst|buffer_tx[0..7]          ; Stuck at GND due to stuck port data_in      ;
; uart:uart_inst|tx_busy                  ; Stuck at GND due to stuck port data_in      ;
; uart:uart_inst|falling_clock_tx         ; Stuck at GND due to stuck port clock_enable ;
; uart:uart_inst|clock_baud_tx            ; Stuck at GND due to stuck port clock_enable ;
; uart:uart_inst|count_baud_tx[0..8]      ; Stuck at GND due to stuck port clock_enable ;
; uart:uart_inst|pin_tx                   ; Stuck at VCC due to stuck port data_in      ;
; uart:uart_inst|count_bit_tx[0..3]       ; Stuck at GND due to stuck port data_in      ;
; lcd_top:inst_lcd_top|cnt_char           ; Stuck at VCC due to stuck port data_in      ;
; word~15                                 ; Stuck at GND due to stuck port data_in      ;
; word~31                                 ; Stuck at GND due to stuck port data_in      ;
; word~47                                 ; Stuck at GND due to stuck port data_in      ;
; word~63                                 ; Stuck at GND due to stuck port data_in      ;
; word~79                                 ; Stuck at GND due to stuck port data_in      ;
; word~95                                 ; Stuck at GND due to stuck port data_in      ;
; word~111                                ; Stuck at GND due to stuck port data_in      ;
; word~127                                ; Stuck at GND due to stuck port data_in      ;
; word~143                                ; Stuck at GND due to stuck port data_in      ;
; word~159                                ; Stuck at GND due to stuck port data_in      ;
; word~175                                ; Stuck at GND due to stuck port data_in      ;
; word~191                                ; Stuck at GND due to stuck port data_in      ;
; word~207                                ; Stuck at GND due to stuck port data_in      ;
; word~223                                ; Stuck at GND due to stuck port data_in      ;
; word~239                                ; Stuck at GND due to stuck port data_in      ;
; word~255                                ; Stuck at GND due to stuck port data_in      ;
; word~271                                ; Stuck at GND due to stuck port data_in      ;
; word~287                                ; Stuck at GND due to stuck port data_in      ;
; word~303                                ; Stuck at GND due to stuck port data_in      ;
; word~319                                ; Stuck at GND due to stuck port data_in      ;
; word~335                                ; Stuck at GND due to stuck port data_in      ;
; word~351                                ; Stuck at GND due to stuck port data_in      ;
; word~367                                ; Stuck at GND due to stuck port data_in      ;
; word~383                                ; Stuck at GND due to stuck port data_in      ;
; word~399                                ; Stuck at GND due to stuck port data_in      ;
; word~415                                ; Stuck at GND due to stuck port data_in      ;
; word~431                                ; Stuck at GND due to stuck port data_in      ;
; word~447                                ; Stuck at GND due to stuck port data_in      ;
; word~463                                ; Stuck at GND due to stuck port data_in      ;
; word~479                                ; Stuck at GND due to stuck port data_in      ;
; word~495                                ; Stuck at GND due to stuck port data_in      ;
; word~511                                ; Stuck at GND due to stuck port data_in      ;
; word~16                                 ; Stuck at GND due to stuck port data_in      ;
; word~32                                 ; Stuck at GND due to stuck port data_in      ;
; word~48                                 ; Stuck at GND due to stuck port data_in      ;
; word~64                                 ; Stuck at GND due to stuck port data_in      ;
; word~80                                 ; Stuck at GND due to stuck port data_in      ;
; word~96                                 ; Stuck at GND due to stuck port data_in      ;
; word~112                                ; Stuck at GND due to stuck port data_in      ;
; word~128                                ; Stuck at GND due to stuck port data_in      ;
; word~144                                ; Stuck at GND due to stuck port data_in      ;
; word~160                                ; Stuck at GND due to stuck port data_in      ;
; word~176                                ; Stuck at GND due to stuck port data_in      ;
; word~192                                ; Stuck at GND due to stuck port data_in      ;
; word~208                                ; Stuck at GND due to stuck port data_in      ;
; word~224                                ; Stuck at GND due to stuck port data_in      ;
; word~240                                ; Stuck at GND due to stuck port data_in      ;
; word~256                                ; Stuck at GND due to stuck port data_in      ;
; word~272                                ; Stuck at GND due to stuck port data_in      ;
; word~288                                ; Stuck at GND due to stuck port data_in      ;
; word~304                                ; Stuck at GND due to stuck port data_in      ;
; word~320                                ; Stuck at GND due to stuck port data_in      ;
; word~336                                ; Stuck at GND due to stuck port data_in      ;
; word~352                                ; Stuck at GND due to stuck port data_in      ;
; word~368                                ; Stuck at GND due to stuck port data_in      ;
; word~384                                ; Stuck at GND due to stuck port data_in      ;
; word~400                                ; Stuck at GND due to stuck port data_in      ;
; word~416                                ; Stuck at GND due to stuck port data_in      ;
; word~432                                ; Stuck at GND due to stuck port data_in      ;
; word~448                                ; Stuck at GND due to stuck port data_in      ;
; word~464                                ; Stuck at GND due to stuck port data_in      ;
; word~480                                ; Stuck at GND due to stuck port data_in      ;
; word~496                                ; Stuck at GND due to stuck port data_in      ;
; word~512                                ; Stuck at GND due to stuck port data_in      ;
; word~17                                 ; Stuck at GND due to stuck port data_in      ;
; word~33                                 ; Stuck at GND due to stuck port data_in      ;
; word~49                                 ; Stuck at GND due to stuck port data_in      ;
; word~65                                 ; Stuck at GND due to stuck port data_in      ;
; word~81                                 ; Stuck at GND due to stuck port data_in      ;
; word~97                                 ; Stuck at GND due to stuck port data_in      ;
; word~113                                ; Stuck at GND due to stuck port data_in      ;
; word~129                                ; Stuck at GND due to stuck port data_in      ;
; word~145                                ; Stuck at GND due to stuck port data_in      ;
; word~161                                ; Stuck at GND due to stuck port data_in      ;
; word~177                                ; Stuck at GND due to stuck port data_in      ;
; word~193                                ; Stuck at GND due to stuck port data_in      ;
; word~209                                ; Stuck at GND due to stuck port data_in      ;
; word~225                                ; Stuck at GND due to stuck port data_in      ;
; word~241                                ; Stuck at GND due to stuck port data_in      ;
; word~257                                ; Stuck at GND due to stuck port data_in      ;
; word~273                                ; Stuck at GND due to stuck port data_in      ;
; word~289                                ; Stuck at GND due to stuck port data_in      ;
; word~305                                ; Stuck at GND due to stuck port data_in      ;
; word~321                                ; Stuck at GND due to stuck port data_in      ;
; word~337                                ; Stuck at GND due to stuck port data_in      ;
; word~353                                ; Stuck at GND due to stuck port data_in      ;
; word~369                                ; Stuck at GND due to stuck port data_in      ;
; word~385                                ; Stuck at GND due to stuck port data_in      ;
; word~401                                ; Stuck at GND due to stuck port data_in      ;
; word~417                                ; Stuck at GND due to stuck port data_in      ;
; word~433                                ; Stuck at GND due to stuck port data_in      ;
; word~449                                ; Stuck at GND due to stuck port data_in      ;
; word~465                                ; Stuck at GND due to stuck port data_in      ;
; word~481                                ; Stuck at GND due to stuck port data_in      ;
; word~497                                ; Stuck at GND due to stuck port data_in      ;
; word~513                                ; Stuck at GND due to stuck port data_in      ;
; word~18                                 ; Stuck at GND due to stuck port data_in      ;
; word~34                                 ; Stuck at GND due to stuck port data_in      ;
; word~50                                 ; Stuck at GND due to stuck port data_in      ;
; word~66                                 ; Stuck at GND due to stuck port data_in      ;
; word~82                                 ; Stuck at GND due to stuck port data_in      ;
; word~98                                 ; Stuck at GND due to stuck port data_in      ;
; word~114                                ; Stuck at GND due to stuck port data_in      ;
; word~130                                ; Stuck at GND due to stuck port data_in      ;
; word~146                                ; Stuck at GND due to stuck port data_in      ;
; word~162                                ; Stuck at GND due to stuck port data_in      ;
; word~178                                ; Stuck at GND due to stuck port data_in      ;
; word~194                                ; Stuck at GND due to stuck port data_in      ;
; word~210                                ; Stuck at GND due to stuck port data_in      ;
; word~226                                ; Stuck at GND due to stuck port data_in      ;
; word~242                                ; Stuck at GND due to stuck port data_in      ;
; word~258                                ; Stuck at GND due to stuck port data_in      ;
; word~274                                ; Stuck at GND due to stuck port data_in      ;
; word~290                                ; Stuck at GND due to stuck port data_in      ;
; word~306                                ; Stuck at GND due to stuck port data_in      ;
; word~322                                ; Stuck at GND due to stuck port data_in      ;
; word~338                                ; Stuck at GND due to stuck port data_in      ;
; word~354                                ; Stuck at GND due to stuck port data_in      ;
; word~370                                ; Stuck at GND due to stuck port data_in      ;
; word~386                                ; Stuck at GND due to stuck port data_in      ;
; word~402                                ; Stuck at GND due to stuck port data_in      ;
; word~418                                ; Stuck at GND due to stuck port data_in      ;
; word~434                                ; Stuck at GND due to stuck port data_in      ;
; word~450                                ; Stuck at GND due to stuck port data_in      ;
; word~466                                ; Stuck at GND due to stuck port data_in      ;
; word~482                                ; Stuck at GND due to stuck port data_in      ;
; word~498                                ; Stuck at GND due to stuck port data_in      ;
; word~514                                ; Stuck at GND due to stuck port data_in      ;
; word~19                                 ; Stuck at GND due to stuck port data_in      ;
; word~35                                 ; Stuck at GND due to stuck port data_in      ;
; word~51                                 ; Stuck at GND due to stuck port data_in      ;
; word~67                                 ; Stuck at GND due to stuck port data_in      ;
; word~83                                 ; Stuck at GND due to stuck port data_in      ;
; word~99                                 ; Stuck at GND due to stuck port data_in      ;
; word~115                                ; Stuck at GND due to stuck port data_in      ;
; word~131                                ; Stuck at GND due to stuck port data_in      ;
; word~147                                ; Stuck at GND due to stuck port data_in      ;
; word~163                                ; Stuck at GND due to stuck port data_in      ;
; word~179                                ; Stuck at GND due to stuck port data_in      ;
; word~195                                ; Stuck at GND due to stuck port data_in      ;
; word~211                                ; Stuck at GND due to stuck port data_in      ;
; word~227                                ; Stuck at GND due to stuck port data_in      ;
; word~243                                ; Stuck at GND due to stuck port data_in      ;
; word~259                                ; Stuck at GND due to stuck port data_in      ;
; word~275                                ; Stuck at GND due to stuck port data_in      ;
; word~291                                ; Stuck at GND due to stuck port data_in      ;
; word~307                                ; Stuck at GND due to stuck port data_in      ;
; word~323                                ; Stuck at GND due to stuck port data_in      ;
; word~339                                ; Stuck at GND due to stuck port data_in      ;
; word~355                                ; Stuck at GND due to stuck port data_in      ;
; word~371                                ; Stuck at GND due to stuck port data_in      ;
; word~387                                ; Stuck at GND due to stuck port data_in      ;
; word~403                                ; Stuck at GND due to stuck port data_in      ;
; word~419                                ; Stuck at GND due to stuck port data_in      ;
; word~435                                ; Stuck at GND due to stuck port data_in      ;
; word~451                                ; Stuck at GND due to stuck port data_in      ;
; word~467                                ; Stuck at GND due to stuck port data_in      ;
; word~483                                ; Stuck at GND due to stuck port data_in      ;
; word~499                                ; Stuck at GND due to stuck port data_in      ;
; word~515                                ; Stuck at GND due to stuck port data_in      ;
; word~20                                 ; Stuck at GND due to stuck port data_in      ;
; word~36                                 ; Stuck at GND due to stuck port data_in      ;
; word~52                                 ; Stuck at GND due to stuck port data_in      ;
; word~68                                 ; Stuck at GND due to stuck port data_in      ;
; word~84                                 ; Stuck at GND due to stuck port data_in      ;
; word~100                                ; Stuck at GND due to stuck port data_in      ;
; word~116                                ; Stuck at GND due to stuck port data_in      ;
; word~132                                ; Stuck at GND due to stuck port data_in      ;
; word~148                                ; Stuck at GND due to stuck port data_in      ;
; word~164                                ; Stuck at GND due to stuck port data_in      ;
; word~180                                ; Stuck at GND due to stuck port data_in      ;
; word~196                                ; Stuck at GND due to stuck port data_in      ;
; word~212                                ; Stuck at GND due to stuck port data_in      ;
; word~228                                ; Stuck at GND due to stuck port data_in      ;
; word~244                                ; Stuck at GND due to stuck port data_in      ;
; word~260                                ; Stuck at GND due to stuck port data_in      ;
; word~276                                ; Stuck at GND due to stuck port data_in      ;
; word~292                                ; Stuck at GND due to stuck port data_in      ;
; word~308                                ; Stuck at GND due to stuck port data_in      ;
; word~324                                ; Stuck at GND due to stuck port data_in      ;
; word~340                                ; Stuck at GND due to stuck port data_in      ;
; word~356                                ; Stuck at GND due to stuck port data_in      ;
; word~372                                ; Stuck at GND due to stuck port data_in      ;
; word~388                                ; Stuck at GND due to stuck port data_in      ;
; word~404                                ; Stuck at GND due to stuck port data_in      ;
; word~420                                ; Stuck at GND due to stuck port data_in      ;
; word~436                                ; Stuck at GND due to stuck port data_in      ;
; word~452                                ; Stuck at GND due to stuck port data_in      ;
; word~468                                ; Stuck at GND due to stuck port data_in      ;
; word~484                                ; Stuck at GND due to stuck port data_in      ;
; word~500                                ; Stuck at GND due to stuck port data_in      ;
; word~516                                ; Stuck at GND due to stuck port data_in      ;
; word~21                                 ; Stuck at GND due to stuck port data_in      ;
; word~37                                 ; Stuck at GND due to stuck port data_in      ;
; word~53                                 ; Stuck at GND due to stuck port data_in      ;
; word~69                                 ; Stuck at GND due to stuck port data_in      ;
; word~85                                 ; Stuck at GND due to stuck port data_in      ;
; word~101                                ; Stuck at GND due to stuck port data_in      ;
; word~117                                ; Stuck at GND due to stuck port data_in      ;
; word~133                                ; Stuck at GND due to stuck port data_in      ;
; word~149                                ; Stuck at GND due to stuck port data_in      ;
; word~165                                ; Stuck at GND due to stuck port data_in      ;
; word~181                                ; Stuck at GND due to stuck port data_in      ;
; word~197                                ; Stuck at GND due to stuck port data_in      ;
; word~213                                ; Stuck at GND due to stuck port data_in      ;
; word~229                                ; Stuck at GND due to stuck port data_in      ;
; word~245                                ; Stuck at GND due to stuck port data_in      ;
; word~261                                ; Stuck at GND due to stuck port data_in      ;
; word~277                                ; Stuck at GND due to stuck port data_in      ;
; word~293                                ; Stuck at GND due to stuck port data_in      ;
; word~309                                ; Stuck at GND due to stuck port data_in      ;
; word~325                                ; Stuck at GND due to stuck port data_in      ;
; word~341                                ; Stuck at GND due to stuck port data_in      ;
; word~357                                ; Stuck at GND due to stuck port data_in      ;
; word~373                                ; Stuck at GND due to stuck port data_in      ;
; word~389                                ; Stuck at GND due to stuck port data_in      ;
; word~405                                ; Stuck at GND due to stuck port data_in      ;
; word~421                                ; Stuck at GND due to stuck port data_in      ;
; word~437                                ; Stuck at GND due to stuck port data_in      ;
; word~453                                ; Stuck at GND due to stuck port data_in      ;
; word~469                                ; Stuck at GND due to stuck port data_in      ;
; word~485                                ; Stuck at GND due to stuck port data_in      ;
; word~501                                ; Stuck at GND due to stuck port data_in      ;
; word~517                                ; Stuck at GND due to stuck port data_in      ;
; word~22                                 ; Stuck at GND due to stuck port data_in      ;
; word~38                                 ; Stuck at GND due to stuck port data_in      ;
; word~54                                 ; Stuck at GND due to stuck port data_in      ;
; word~70                                 ; Stuck at GND due to stuck port data_in      ;
; word~86                                 ; Stuck at GND due to stuck port data_in      ;
; word~102                                ; Stuck at GND due to stuck port data_in      ;
; word~118                                ; Stuck at GND due to stuck port data_in      ;
; word~134                                ; Stuck at GND due to stuck port data_in      ;
; word~150                                ; Stuck at GND due to stuck port data_in      ;
; word~166                                ; Stuck at GND due to stuck port data_in      ;
; word~182                                ; Stuck at GND due to stuck port data_in      ;
; word~198                                ; Stuck at GND due to stuck port data_in      ;
; word~214                                ; Stuck at GND due to stuck port data_in      ;
; word~230                                ; Stuck at GND due to stuck port data_in      ;
; word~246                                ; Stuck at GND due to stuck port data_in      ;
; word~262                                ; Stuck at GND due to stuck port data_in      ;
; word~278                                ; Stuck at GND due to stuck port data_in      ;
; word~294                                ; Stuck at GND due to stuck port data_in      ;
; word~310                                ; Stuck at GND due to stuck port data_in      ;
; word~326                                ; Stuck at GND due to stuck port data_in      ;
; word~342                                ; Stuck at GND due to stuck port data_in      ;
; word~358                                ; Stuck at GND due to stuck port data_in      ;
; word~374                                ; Stuck at GND due to stuck port data_in      ;
; word~390                                ; Stuck at GND due to stuck port data_in      ;
; word~406                                ; Stuck at GND due to stuck port data_in      ;
; word~422                                ; Stuck at GND due to stuck port data_in      ;
; word~438                                ; Stuck at GND due to stuck port data_in      ;
; word~454                                ; Stuck at GND due to stuck port data_in      ;
; word~470                                ; Stuck at GND due to stuck port data_in      ;
; word~486                                ; Stuck at GND due to stuck port data_in      ;
; word~502                                ; Stuck at GND due to stuck port data_in      ;
; word~518                                ; Stuck at GND due to stuck port data_in      ;
; Total Number of Removed Registers = 283 ;                                             ;
+-----------------------------------------+---------------------------------------------+


+-----------------------------------------------------------------------------------------------------------------------------+
; Removed Registers Triggering Further Register Optimizations                                                                 ;
+-----------------------------+---------------------------+-------------------------------------------------------------------+
; Register name               ; Reason for Removal        ; Registers Removed due to This Register                            ;
+-----------------------------+---------------------------+-------------------------------------------------------------------+
; uart:uart_inst|tx_busy      ; Stuck at GND              ; uart:uart_inst|count_baud_tx[0], uart:uart_inst|count_baud_tx[1], ;
;                             ; due to stuck port data_in ; uart:uart_inst|count_baud_tx[2], uart:uart_inst|count_baud_tx[3], ;
;                             ;                           ; uart:uart_inst|count_baud_tx[4], uart:uart_inst|count_baud_tx[5], ;
;                             ;                           ; uart:uart_inst|count_baud_tx[6], uart:uart_inst|count_baud_tx[7], ;
;                             ;                           ; uart:uart_inst|count_baud_tx[8], uart:uart_inst|count_bit_tx[3],  ;
;                             ;                           ; uart:uart_inst|count_bit_tx[2], uart:uart_inst|count_bit_tx[1],   ;
;                             ;                           ; uart:uart_inst|count_bit_tx[0]                                    ;
; uart:uart_inst|buffer_tx[7] ; Stuck at GND              ; uart:uart_inst|buffer_tx[6], uart:uart_inst|buffer_tx[5],         ;
;                             ; due to stuck port data_in ; uart:uart_inst|buffer_tx[4], uart:uart_inst|buffer_tx[3],         ;
;                             ;                           ; uart:uart_inst|buffer_tx[2], uart:uart_inst|buffer_tx[1],         ;
;                             ;                           ; uart:uart_inst|buffer_tx[0], uart:uart_inst|pin_tx                ;
+-----------------------------+---------------------------+-------------------------------------------------------------------+


+------------------------------------------------------+
; General Register Statistics                          ;
+----------------------------------------------+-------+
; Statistic                                    ; Value ;
+----------------------------------------------+-------+
; Total registers                              ; 410   ;
; Number of registers using Synchronous Clear  ; 21    ;
; Number of registers using Synchronous Load   ; 16    ;
; Number of registers using Asynchronous Clear ; 83    ;
; Number of registers using Asynchronous Load  ; 0     ;
; Number of registers using Clock Enable       ; 355   ;
; Number of registers using Preset             ; 0     ;
+----------------------------------------------+-------+


+----------------------------------------------------------------+
; Inverted Register Statistics                                   ;
+------------------------------------------------------+---------+
; Inverted Register                                    ; Fan out ;
+------------------------------------------------------+---------+
; lcd_top:inst_lcd_top|lcd_ctrl:lcd_ctrl_inst|index[0] ; 11      ;
; lcd_top:inst_lcd_top|ptr[0]                          ; 4       ;
; lcd_top:inst_lcd_top|cnt_data[0]                     ; 13      ;
; count_2[0]                                           ; 1       ;
; uart:uart_inst|div_clock[0]                          ; 2       ;
; Total number of inverted registers = 5               ;         ;
+------------------------------------------------------+---------+


+---------------------------------------------------------------------------------------------------------------------------------------------------------------------------+
; Multiplexer Restructuring Statistics (Restructuring Performed)                                                                                                            ;
+--------------------+-----------+---------------+----------------------+------------------------+------------+-------------------------------------------------------------+
; Multiplexer Inputs ; Bus Width ; Baseline Area ; Area if Restructured ; Saving if Restructured ; Registered ; Example Multiplexer Output                                  ;
+--------------------+-----------+---------------+----------------------+------------------------+------------+-------------------------------------------------------------+
; 3:1                ; 23 bits   ; 46 LEs        ; 23 LEs               ; 23 LEs                 ; Yes        ; |Labx10|count_2[9]                                          ;
; 4:1                ; 8 bits    ; 16 LEs        ; 8 LEs                ; 8 LEs                  ; Yes        ; |Labx10|uart:uart_inst|buffer_rx[7]                         ;
; 5:1                ; 7 bits    ; 21 LEs        ; 14 LEs               ; 7 LEs                  ; Yes        ; |Labx10|lcd_top:inst_lcd_top|data[4]                        ;
; 12:1               ; 3 bits    ; 24 LEs        ; 24 LEs               ; 0 LEs                  ; Yes        ; |Labx10|lcd_top:inst_lcd_top|lcd_ctrl:lcd_ctrl_inst|data[0] ;
; 3:1                ; 2 bits    ; 4 LEs         ; 4 LEs                ; 0 LEs                  ; No         ; |Labx10|lcd_top:inst_lcd_top|lcd_ctrl:lcd_ctrl_inst|EA      ;
; 5:1                ; 2 bits    ; 6 LEs         ; 6 LEs                ; 0 LEs                  ; No         ; |Labx10|lcd_top:inst_lcd_top|EA                             ;
+--------------------+-----------+---------------+----------------------+------------------------+------------+-------------------------------------------------------------+


+------------------------------------------------------------------------+
; Parameter Settings for User Entity Instance: Top-level Entity: |Labx10 ;
+-----------------+----------+-------------------------------------------+
; Parameter Name  ; Value    ; Type                                      ;
+-----------------+----------+-------------------------------------------+
; CLOCK_PERIOD    ; 20       ; Signed Integer                            ;
; CLOCK_FREQUENCY ; 50000000 ; Signed Integer                            ;
; CLOCK_DIVIDER   ; 50       ; Signed Integer                            ;
; BAUDRATE_RX     ; 115200   ; Signed Integer                            ;
; BAUDRATE_TX     ; 115200   ; Signed Integer                            ;
; TAM_DATA        ; 8        ; Signed Integer                            ;
; NUM_DATA        ; 32       ; Signed Integer                            ;
; DIV_NUM         ; 500      ; Signed Integer                            ;
; BOOT_TIME       ; 2000     ; Signed Integer                            ;
; REFRESH         ; 10000000 ; Signed Integer                            ;
; WR_TIME         ; 5        ; Signed Integer                            ;
; CLR_TIME        ; 200      ; Signed Integer                            ;
; DEBOUNCE        ; 5000000  ; Signed Integer                            ;
+-----------------+----------+-------------------------------------------+
Note: In order to hide this table in the UI and the text report file, please set the "Show Parameter Settings in Synthesis Report" option in "Analysis and Synthesis Settings -> More Settings" to "Off".


+-------------------------------------------------------------+
; Parameter Settings for User Entity Instance: uart:uart_inst ;
+-----------------+----------+--------------------------------+
; Parameter Name  ; Value    ; Type                           ;
+-----------------+----------+--------------------------------+
; clock_frequency ; 50000000 ; Signed Integer                 ;
; baudrate_rx     ; 115200   ; Signed Integer                 ;
; baudrate_tx     ; 115200   ; Signed Integer                 ;
; clock_divider   ; 50       ; Signed Integer                 ;
+-----------------+----------+--------------------------------+
Note: In order to hide this table in the UI and the text report file, please set the "Show Parameter Settings in Synthesis Report" option in "Analysis and Synthesis Settings -> More Settings" to "Off".


+-------------------------------------------------------------------+
; Parameter Settings for User Entity Instance: lcd_top:inst_lcd_top ;
+----------------+-------+------------------------------------------+
; Parameter Name ; Value ; Type                                     ;
+----------------+-------+------------------------------------------+
; tam_data       ; 8     ; Signed Integer                           ;
; num_data       ; 32    ; Signed Integer                           ;
; div_num        ; 500   ; Signed Integer                           ;
; boot_time      ; 2000  ; Signed Integer                           ;
; wr_time        ; 5     ; Signed Integer                           ;
; clr_time       ; 200   ; Signed Integer                           ;
+----------------+-------+------------------------------------------+
Note: In order to hide this table in the UI and the text report file, please set the "Show Parameter Settings in Synthesis Report" option in "Analysis and Synthesis Settings -> More Settings" to "Off".


+------------------------------------------------------------------------------------------+
; Parameter Settings for User Entity Instance: lcd_top:inst_lcd_top|lcd_ctrl:lcd_ctrl_inst ;
+----------------+-------+-----------------------------------------------------------------+
; Parameter Name ; Value ; Type                                                            ;
+----------------+-------+-----------------------------------------------------------------+
; div_num        ; 500   ; Signed Integer                                                  ;
; boot_time      ; 2000  ; Signed Integer                                                  ;
; wr_time        ; 5     ; Signed Integer                                                  ;
; clr_time       ; 200   ; Signed Integer                                                  ;
; prescaler      ; 500   ; Signed Integer                                                  ;
+----------------+-------+-----------------------------------------------------------------+
Note: In order to hide this table in the UI and the text report file, please set the "Show Parameter Settings in Synthesis Report" option in "Analysis and Synthesis Settings -> More Settings" to "Off".


+-----------------------------------------------------------------------------------------------------------------------------------------+
; Port Connectivity Checks: "lcd_top:inst_lcd_top"                                                                                        ;
+----------+--------+----------+----------------------------------------------------------------------------------------------------------+
; Port     ; Type   ; Severity ; Details                                                                                                  ;
+----------+--------+----------+----------------------------------------------------------------------------------------------------------+
; ready_o  ; Output ; Info     ; Connected to dangling logic. Logic that only feeds a dangling port will be removed.                      ;
; lcd_blon ; Output ; Info     ; Connected to dangling logic. Logic that only feeds a dangling port will be removed.                      ;
; lcd_on   ; Output ; Warning  ; Declared by entity but not connected by instance. Logic that only feeds a dangling port will be removed. ;
+----------+--------+----------+----------------------------------------------------------------------------------------------------------+


+----------------------------------------------------------------------------------------------------------------------+
; Port Connectivity Checks: "uart:uart_inst"                                                                           ;
+------------+--------+----------+-------------------------------------------------------------------------------------+
; Port       ; Type   ; Severity ; Details                                                                             ;
+------------+--------+----------+-------------------------------------------------------------------------------------+
; start_tx_i ; Input  ; Info     ; Stuck at GND                                                                        ;
; busy_tx_o  ; Output ; Info     ; Connected to dangling logic. Logic that only feeds a dangling port will be removed. ;
+------------+--------+----------+-------------------------------------------------------------------------------------+


+-------------------------------+
; Elapsed Time Per Partition    ;
+----------------+--------------+
; Partition Name ; Elapsed Time ;
+----------------+--------------+
; Top            ; 00:00:01     ;
+----------------+--------------+


+-------------------------------+
; Analysis & Synthesis Messages ;
+-------------------------------+
Info: *******************************************************************
Info: Running Quartus II 64-Bit Analysis & Synthesis
    Info: Version 13.1.0 Build 162 10/23/2013 SJ Web Edition
    Info: Processing started: Sat Nov 18 18:23:51 2023
Info: Command: quartus_map --read_settings_files=on --write_settings_files=off Labx10 -c Labx10
Warning (20028): Parallel compilation is not licensed and has been disabled
Info (12021): Found 1 design units, including 1 entities, in source file /users/carol/downloads/labx10/labx10/labx10/rtl/reset_sync.bdf
    Info (12023): Found entity 1: reset_sync
Info (12021): Found 2 design units, including 1 entities, in source file /users/carol/downloads/labx10/labx10/labx10/rtl/lcd_demo/lcd_top.vhd
    Info (12022): Found design unit 1: lcd_top-behavior
    Info (12023): Found entity 1: lcd_top
Info (12021): Found 1 design units, including 0 entities, in source file /users/carol/downloads/labx10/labx10/labx10/rtl/lcd_demo/lcd_pkg.vhd
    Info (12022): Found design unit 1: lcd_pkg
Info (12021): Found 2 design units, including 1 entities, in source file /users/carol/downloads/labx10/labx10/labx10/rtl/lcd_demo/lcd_ctrl.vhd
    Info (12022): Found design unit 1: lcd_ctrl-RTL
    Info (12023): Found entity 1: lcd_ctrl
Info (12021): Found 2 design units, including 1 entities, in source file /users/carol/downloads/labx10/labx10/labx10/rtl/usb_device_demo/usb_device.vhd
    Info (12022): Found design unit 1: USB_Device-behavior
    Info (12023): Found entity 1: USB_Device
Info (12021): Found 2 design units, including 1 entities, in source file /users/carol/downloads/labx10/labx10/labx10/rtl/uart_demo/uart.vhd
    Info (12022): Found design unit 1: uart-behavior
    Info (12023): Found entity 1: uart
Info (12021): Found 2 design units, including 1 entities, in source file /users/carol/downloads/labx10/labx10/labx10/rtl/teclado_base_demo/teclado_base.vhd
    Info (12022): Found design unit 1: teclado_base-behavior
    Info (12023): Found entity 1: teclado_base
Info (12021): Found 2 design units, including 1 entities, in source file /users/carol/downloads/labx10/labx10/labx10/rtl/labx10.vhd
    Info (12022): Found design unit 1: Labx10-behavior
    Info (12023): Found entity 1: Labx10
Info (12127): Elaborating entity "Labx10" for the top level hierarchy
Warning (10541): VHDL Signal Declaration warning at Labx10.vhd(44): used implicit default value for signal "caractere" because signal was never assigned a value or an explicit default value. Use of implicit default value may introduce unintended design optimizations.
Warning (10036): Verilog HDL or VHDL warning at Labx10.vhd(50): object "wr_busy" assigned a value but never read
Warning (10540): VHDL Signal Declaration warning at Labx10.vhd(53): used explicit default value for signal "wr_enable" because signal was never assigned a value
Warning (10541): VHDL Signal Declaration warning at Labx10.vhd(66): used implicit default value for signal "btn_inc" because signal was never assigned a value or an explicit default value. Use of implicit default value may introduce unintended design optimizations.
Warning (10541): VHDL Signal Declaration warning at Labx10.vhd(66): used implicit default value for signal "btn_dec" because signal was never assigned a value or an explicit default value. Use of implicit default value may introduce unintended design optimizations.
Warning (10541): VHDL Signal Declaration warning at Labx10.vhd(66): used implicit default value for signal "btn_enter" because signal was never assigned a value or an explicit default value. Use of implicit default value may introduce unintended design optimizations.
Warning (10541): VHDL Signal Declaration warning at Labx10.vhd(66): used implicit default value for signal "btn_start" because signal was never assigned a value or an explicit default value. Use of implicit default value may introduce unintended design optimizations.
Warning (10541): VHDL Signal Declaration warning at Labx10.vhd(66): used implicit default value for signal "btn_reset" because signal was never assigned a value or an explicit default value. Use of implicit default value may introduce unintended design optimizations.
Info (12128): Elaborating entity "reset_sync" for hierarchy "reset_sync:reset_synch_50mhz_inst"
Info (12128): Elaborating entity "uart" for hierarchy "uart:uart_inst"
Info (12128): Elaborating entity "lcd_top" for hierarchy "lcd_top:inst_lcd_top"
Info (12128): Elaborating entity "lcd_ctrl" for hierarchy "lcd_top:inst_lcd_top|lcd_ctrl:lcd_ctrl_inst"
Info (276014): Found 1 instances of uninferred RAM logic
    Info (276007): RAM logic "word" is uninferred due to asynchronous read logic
Warning (113028): 32 out of 64 addresses are uninitialized. The Quartus II software will initialize them to "0". There are 2 warnings found, and 2 warnings are reported.
    Warning (113026): Memory Initialization File Address 0 is not initialized
    Warning (113027): Addresses ranging from 33 to 63 are not initialized
Warning (12241): 1 hierarchies have connectivity warnings - see the Connectivity Checks report folder
Info (13000): Registers with preset signals will power-up high
Info (13003): DEV_CLRn pin will set, and not reset, register with preset signal due to NOT Gate Push-Back
Warning (13024): Output pins are stuck at VCC or GND
    Warning (13410): Pin "LCD_RW" is stuck at GND
    Warning (13410): Pin "UART_TXD" is stuck at VCC
Info (286030): Timing-Driven Synthesis is running
Info (16010): Generating hard_block partition "hard_block:auto_generated_inst"
    Info (16011): Adding 0 node(s), including 0 DDIO, 0 PLL, 0 transceiver and 0 LCELL
Warning (21074): Design contains 14 input pin(s) that do not drive logic
    Warning (15610): No output dependent on input pin "KEY[0]"
    Warning (15610): No output dependent on input pin "KEY[1]"
    Warning (15610): No output dependent on input pin "KEY[2]"
    Warning (15610): No output dependent on input pin "KEY[3]"
    Warning (15610): No output dependent on input pin "KEY[4]"
    Warning (15610): No output dependent on input pin "KEY[5]"
    Warning (15610): No output dependent on input pin "KEY[6]"
    Warning (15610): No output dependent on input pin "KEY[7]"
    Warning (15610): No output dependent on input pin "KEY[8]"
    Warning (15610): No output dependent on input pin "KEY[9]"
    Warning (15610): No output dependent on input pin "KEY[10]"
    Warning (15610): No output dependent on input pin "SW[0]"
    Warning (15610): No output dependent on input pin "SW[1]"
    Warning (15610): No output dependent on input pin "SW[2]"
Info (21057): Implemented 788 device resources after synthesis - the final resource count might be different
    Info (21058): Implemented 18 input pins
    Info (21059): Implemented 5 output pins
    Info (21060): Implemented 8 bidirectional pins
    Info (21061): Implemented 757 logic cells
Info: Quartus II 64-Bit Analysis & Synthesis was successful. 0 errors, 31 warnings
    Info: Peak virtual memory: 4664 megabytes
    Info: Processing ended: Sat Nov 18 18:23:55 2023
    Info: Elapsed time: 00:00:04
    Info: Total CPU time (on all processors): 00:00:02


